--------------------------------------------
--------------------------------------------
--------------------------------------------
--------------------------------------------
--------------------------------------------
--------------------------------------------
--------------------------------------------
--------------------------------------------
--------------------------------------------
--------------------------------------------
--------------------------------------------
XXXXXXXXXXXXXXX-----------------------------
--------------------------------------------
--------------------------------------------
--O-----O-----------------------------------
--------------------------------------------
--------------------------------------------
--------------------------------------------
------------O-------------------------------
------O-------------------------------------
--------------------------------------------
--------------------------------------------
-----------------XXXXXXXXXXXXX--------------
--------------------------------------------
--------------------------------------------
--------------------------------------------
--------------------------------------------
--------------------------------------------
--------------------------------------------
--------------------------------------------
--------------------------------------------
--------------------------------------------
--------------------------------------------
------------------------------XXXXXXXXXXXXXX
--------------------------------------------
--------------------------------------------
-----------------------------O--------------
--------------------------------------------
------------------------------------O-----O-
--------------------------------------------
------------------------------O-------------
--------------------------------------------
--------------------------------------------
--------------------------------------------
